.next/dev/types/validator.ts(1008,31): error TS2344: Type 'typeof import("C:/xampp/htdocs/2mobilya/src/app/api/admin/coupons/[id]/route")' does not satisfy the constraint 'RouteHandlerConfig<"/api/admin/coupons/[id]">'.
  Types of property 'GET' are incompatible.
    Type '(req: Request, { params }: { params: { id: string; }; }) => Promise<NextResponse<any>>' is not assignable to type '(request: NextRequest, context: { params: Promise<{ id: string; }>; }) => void | Response | Promise<void | Response>'.
      Types of parameters '__1' and 'context' are incompatible.
        Type '{ params: Promise<{ id: string; }>; }' is not assignable to type '{ params: { id: string; }; }'.
          Types of property 'params' are incompatible.
            Property 'id' is missing in type 'Promise<{ id: string; }>' but required in type '{ id: string; }'.
.next/dev/types/validator.ts(1143,31): error TS2344: Type 'typeof import("C:/xampp/htdocs/2mobilya/src/app/api/admin/navigation/items/[id]/route")' does not satisfy the constraint 'RouteHandlerConfig<"/api/admin/navigation/items/[id]">'.
  Types of property 'PUT' are incompatible.
    Type '(req: Request, { params }: { params: { id: string; }; }) => Promise<NextResponse<any>>' is not assignable to type '(request: NextRequest, context: { params: Promise<{ id: string; }>; }) => void | Response | Promise<void | Response>'.
      Types of parameters '__1' and 'context' are incompatible.
        Type '{ params: Promise<{ id: string; }>; }' is not assignable to type '{ params: { id: string; }; }'.
          Types of property 'params' are incompatible.
            Property 'id' is missing in type 'Promise<{ id: string; }>' but required in type '{ id: string; }'.
.next/dev/types/validator.ts(1161,31): error TS2344: Type 'typeof import("C:/xampp/htdocs/2mobilya/src/app/api/admin/navigation/menus/[id]/route")' does not satisfy the constraint 'RouteHandlerConfig<"/api/admin/navigation/menus/[id]">'.
  Types of property 'GET' are incompatible.
    Type '(req: Request, { params }: { params: { id: string; }; }) => Promise<NextResponse<any>>' is not assignable to type '(request: NextRequest, context: { params: Promise<{ id: string; }>; }) => void | Response | Promise<void | Response>'.
      Types of parameters '__1' and 'context' are incompatible.
        Type '{ params: Promise<{ id: string; }>; }' is not assignable to type '{ params: { id: string; }; }'.
          Types of property 'params' are incompatible.
            Property 'id' is missing in type 'Promise<{ id: string; }>' but required in type '{ id: string; }'.
.next/dev/types/validator.ts(1224,31): error TS2344: Type 'typeof import("C:/xampp/htdocs/2mobilya/src/app/api/admin/pages/[id]/route")' does not satisfy the constraint 'RouteHandlerConfig<"/api/admin/pages/[id]">'.
  Types of property 'GET' are incompatible.
    Type '(req: Request, { params }: { params: { id: string; }; }) => Promise<NextResponse<any>>' is not assignable to type '(request: NextRequest, context: { params: Promise<{ id: string; }>; }) => void | Response | Promise<void | Response>'.
      Types of parameters '__1' and 'context' are incompatible.
        Type '{ params: Promise<{ id: string; }>; }' is not assignable to type '{ params: { id: string; }; }'.
          Types of property 'params' are incompatible.
            Property 'id' is missing in type 'Promise<{ id: string; }>' but required in type '{ id: string; }'.
.next/dev/types/validator.ts(1278,31): error TS2344: Type 'typeof import("C:/xampp/htdocs/2mobilya/src/app/api/admin/seo/[id]/route")' does not satisfy the constraint 'RouteHandlerConfig<"/api/admin/seo/[id]">'.
  Types of property 'GET' are incompatible.
    Type '(req: Request, { params }: { params: { id: string; }; }) => Promise<NextResponse<any>>' is not assignable to type '(request: NextRequest, context: { params: Promise<{ id: string; }>; }) => void | Response | Promise<void | Response>'.
      Types of parameters '__1' and 'context' are incompatible.
        Type '{ params: Promise<{ id: string; }>; }' is not assignable to type '{ params: { id: string; }; }'.
          Types of property 'params' are incompatible.
            Property 'id' is missing in type 'Promise<{ id: string; }>' but required in type '{ id: string; }'.
.next/dev/types/validator.ts(1314,31): error TS2344: Type 'typeof import("C:/xampp/htdocs/2mobilya/src/app/api/admin/translations/keys/[key]/route")' does not satisfy the constraint 'RouteHandlerConfig<"/api/admin/translations/keys/[key]">'.
  Types of property 'DELETE' are incompatible.
    Type '(req: Request, { params }: { params: { key: string; }; }) => Promise<NextResponse<{ success: boolean; }> | NextResponse<{ error: any; }>>' is not assignable to type '(request: NextRequest, context: { params: Promise<{ key: string; }>; }) => void | Response | Promise<void | Response>'.
      Types of parameters '__1' and 'context' are incompatible.
        Type '{ params: Promise<{ key: string; }>; }' is not assignable to type '{ params: { key: string; }; }'.
          Types of property 'params' are incompatible.
            Property 'key' is missing in type 'Promise<{ key: string; }>' but required in type '{ key: string; }'.
.next/dev/types/validator.ts(1332,31): error TS2344: Type 'typeof import("C:/xampp/htdocs/2mobilya/src/app/api/admin/translations/languages/[code]/route")' does not satisfy the constraint 'RouteHandlerConfig<"/api/admin/translations/languages/[code]">'.
  Types of property 'GET' are incompatible.
    Type '(req: Request, { params }: { params: { code: string; }; }) => Promise<NextResponse<any>>' is not assignable to type '(request: NextRequest, context: { params: Promise<{ code: string; }>; }) => void | Response | Promise<void | Response>'.
      Types of parameters '__1' and 'context' are incompatible.
        Type '{ params: Promise<{ code: string; }>; }' is not assignable to type '{ params: { code: string; }; }'.
          Types of property 'params' are incompatible.
            Property 'code' is missing in type 'Promise<{ code: string; }>' but required in type '{ code: string; }'.
src/app/[slug]/page.tsx(4,24): error TS1149: File name 'C:/xampp/htdocs/2mobilya/src/components/Layout/Navbar/index.tsx' differs from already included file name 'C:/xampp/htdocs/2mobilya/src/components/layout/Navbar/index.tsx' only in casing.
  The file is in the program because:
    Imported via './Navbar/index' from file 'C:/xampp/htdocs/2mobilya/src/components/layout/Header.tsx'
    Imported via '@/components/Layout/Navbar' from file 'C:/xampp/htdocs/2mobilya/src/app/[slug]/page.tsx'
    Matched by include pattern '**/*.tsx' in 'C:/xampp/htdocs/2mobilya/tsconfig.json'
src/app/[slug]/page.tsx(5,24): error TS1149: File name 'C:/xampp/htdocs/2mobilya/src/components/Layout/Footer.tsx' differs from already included file name 'C:/xampp/htdocs/2mobilya/src/components/layout/Footer.tsx' only in casing.
  The file is in the program because:
    Imported via '@/components/layout/Footer' from file 'C:/xampp/htdocs/2mobilya/src/components/layout/LayoutWrapper.tsx'
    Imported via '@/components/Layout/Footer' from file 'C:/xampp/htdocs/2mobilya/src/app/[slug]/page.tsx'
    Matched by include pattern '**/*.tsx' in 'C:/xampp/htdocs/2mobilya/tsconfig.json'
src/app/admin/icerik/navigasyon/page.tsx(298,17): error TS2322: Type '{ open: boolean; onClose: () => void; onConfirm: () => Promise<void>; title: string; description: string; confirmText: string; cancelText: string; isDestructive: boolean; }' is not assignable to type 'IntrinsicAttributes & ConfirmModalProps'.
  Property 'description' does not exist on type 'IntrinsicAttributes & ConfirmModalProps'.
src/app/admin/icerik/sayfalar/page.tsx(97,17): error TS2322: Type '{ isOpen: boolean; onClose: () => void; onConfirm: () => Promise<void>; title: string; description: string; confirmText: string; cancelText: string; isDestructive: boolean; }' is not assignable to type 'IntrinsicAttributes & ConfirmModalProps'.
  Property 'isOpen' does not exist on type 'IntrinsicAttributes & ConfirmModalProps'. Did you mean 'open'?
